smoki@SmokingRock-HPLaptop13 MINGW64 ~

smoki@SmokingRock-HPLaptop13 MINGW64 ~
$ git config --global user.name "N-Iwatsubo"

smoki@SmokingRock-HPLaptop13 MINGW64 ~
$ git config --global user.email "smokingrock.g@gmail.com"

smoki@SmokingRock-HPLaptop13 MINGW64 ~
$ git config --global core.editor "code --wait"

smoki@SmokingRock-HPLaptop13 MINGW64 ~
$ git config --list
diff.astextplain.textconv=astextplain
filter.lfs.clean=git-lfs clean -- %f
filter.lfs.smudge=git-lfs smudge -- %f
filter.lfs.process=git-lfs filter-process
filter.lfs.required=true
http.sslbackend=schannel
core.autocrlf=true
core.fscache=true
core.symlinks=false
pull.rebase=false
credential.helper=manager
credential.https://dev.azure.com.usehttppath=true
init.defaultbranch=main
core.editor=code --wait
user.name=N-Iwatsubo
user.email=smokingrock.g@gmail.com

smoki@SmokingRock-HPLaptop13 MINGW64 ~
$ pwd
/c/Users/smoki
#今のディレクトリを確認

smoki@SmokingRock-HPLaptop13 MINGW64 ~
$ cd /c/Users/smoki/Desktop
#指定したディレクトリに移動

smoki@SmokingRock-HPLaptop13 MINGW64 ~/Desktop
$ mkdir projects
#今いるディレクトリにフォルダ（ディレクトリ作成）

smoki@SmokingRock-HPLaptop13 MINGW64 ~/Desktop/projects/learn-git-github-hp-laptop
$ git init
Initialized empty Git repository in C:/Users/smoki/Desktop/projects/learn-git-github-hp-laptop/.git/
#今いるディレクトリをGifで初期化

smoki@SmokingRock-HPLaptop13 MINGW64 ~/Desktop/projects/learn-git-github-hp-laptop (main)
$ git status
On branch main
No commits yet
nothing to commit (create/copy files and use "git add" to track)
#今いるディレクトリの状況確認


smoki@SmokingRock-HPLaptop13 MINGW64 ~/Desktop/projects/learn-git-github-hp-laptop (main)
$ cd ..
#今いるディレクトリの上階へ移動

smoki@SmokingRock-HPLaptop13 MINGW64 ~/Desktop/projects/learn-git-github-hp-laptop (main)
$ ls
#今いるディレクトリの中身を確認

smoki@SmokingRock-HPLaptop13 MINGW64 ~/Desktop/projects/learn-git-github-hp-laptop (main)
$ ls -a
./  ../  .git/
#今いるディレクトリの中身をすべてを確認

smoki@SmokingRock-HPLaptop13 MINGW64 ~/Desktop/projects/learn-git-github-hp-laptop (main)
$ code .
#vscodeを起動

smoki@SmokingRock-HPLaptop13 MINGW64 ~/Desktop/projects/learn-git-github-hp-laptop (main)
$ git add git_docs
#指定したファイルフォルダをステージング

smoki@SmokingRock-HPLaptop13 MINGW64 ~/Desktop/projects/learn-git-github-hp-laptop (main)
$ git add .
#すべてををステージング

smoki@SmokingRock-HPLaptop13 MINGW64 ~/Desktop/projects/learn-git-github-hp-laptop (main)
$ git commit
[main (root-commit) 7532a2f]  初めてのcommit
 3 files changed, 3 insertions(+)
 create mode 100644 git_docs/git_add.txt
 create mode 100644 git_docs/git_status.txt
 create mode 100644 git_init.txt
#コミット（紐づけされたアプリVSCodeが起動しコメント入力画面なる）
#コメント入力後セーブ後コミットされる

smoki@SmokingRock-HPLaptop13 MINGW64 ~/Desktop/projects/learn-git-github-hp-laptop (main)
$ code .
#VSCode 起動

smoki@SmokingRock-HPLaptop13 MINGW64 ~/Desktop/projects/learn-git-github-hp-laptop (main)
$ git commit -m "git_commit.txtの追加とinit.txtの移動"
[main 2dc497f] git_commit.txtの追加とinit.txtの移動
 2 files changed, 1 insertion(+)
 create mode 100644 git_docs/git_commit.txt
 rename git_init.txt => git_docs/git_init.txt (100%)
#コメント入力しコミット
#VSCodeは開かない

smoki@SmokingRock-HPLaptop13 MINGW64 ~/Desktop/projects/learn-git-github-hp-laptop (main)
$ git restore git_docs/git_add.txt
#変更した指定したファイル内容をもとに戻す

$ git diff
diff --git a/data.js b/data.js
index d23e2b6..9148e4e 100644
--- a/data.js
+++ b/data.js
@@ -108,4 +108,5 @@ let sprite = [
        new Sprite(336,151,139,147),//76  ,ピンク(大)
        new Sprite(336,301,139,155),//77  ,青グラサン()
        new Sprite(336,301,139,155),//78  ,青グラサンのコピー()
+       new Sprite(336,301,139,155),//79  ,青グラサンのコピーコピー()
 ]
#変更内容の差分を調べる

SmokingRock@DESKTOP-RIZEN73060 MINGW64 ~/Desktop/Git_DeskTop/Shutinng Game (main)
$ git branch feature1
SmokingRock@DESKTOP-RIZEN73060 MINGW64 ~/Desktop/Git_DeskTop/Shutinng Game (main)
$ git branch feature2
#ブランチを新しく作成 ファイル名指定

SmokingRock@DESKTOP-RIZEN73060 MINGW64 ~/Desktop/Git_DeskTop/Shutinng Game (main)
$ git branch
  feature1
  feature2
* main
#ブランチを調べる

SmokingRock@DESKTOP-RIZEN73060 MINGW64 ~/Desktop/Git_DeskTop/Shutinng Game (main)
$ git switch feature1
Switched to branch 'feature1'
#ブランチの切り替え
#※checkout
SmokingRock@DESKTOP-RIZEN73060 MINGW64 ~/Desktop/Git_DeskTop/Shutinng Game (feature1)

SmokingRock@DESKTOP-RIZEN73060 MINGW64 ~/Desktop/Git_DeskTop/Shutinng Game (main)
$ git merge feature1
Updating e8f5fb7..02d1cae
Fast-forward
 data.js | 2 +-
 1 file changed, 1 insertion(+), 1 deletion(-)
#mainにfeature1をマージ（統合）

SmokingRock@DESKTOP-RIZEN73060 MINGW64 ~/Desktop/Git_DeskTop/Shutinng Game (main)
$ git merge feature2
Auto-merging data.js
CONFLICT (content): Merge conflict in data.js
Automatic merge failed; fix conflicts and then commit the result.
#mainにfeature２をマージ（統合）したがCONFLICT（干渉）を起こしている。
#ファイルを開き干渉箇所を確認し手動で修正する
SmokingRock@DESKTOP-RIZEN73060 MINGW64 ~/Desktop/Git_DeskTop/Shutinng Game (main|MERGING)
$ git add .
SmokingRock@DESKTOP-RIZEN73060 MINGW64 ~/Desktop/Git_DeskTop/Shutinng Game (main|MERGING)
$ git commit -m "完成"
[main ead176f] 完成
SmokingRock@DESKTOP-RIZEN73060 MINGW64 ~/Desktop/Git_DeskTop/Shutinng Game (main)

SmokingRock@DESKTOP-RIZEN73060 MINGW64 ~/Desktop/Git_DeskTop/Shutinng Game (main)
$ git branch -d feature1
Deleted branch feature1 (was 02d1cae).
#ブランチ名を指定してブランチを削除
#ブランチ名がわからない場合は-dのあとtab tab で確認できる

smoki@SmokingRock-HPLaptop13 MINGW64 ~/Desktop/Git_hp_laptop/Test (main)
$ git log
commit 2a8c2b9bd45abc19edb210dba2bb1a4c49ebd0ff (HEAD -> main)
Author: N-Iwatsubo <smokingrock.g@gmail.com>
Date:   Thu Apr 9 15:41:53 2026 +0900
# 今までの履歴を確認

#gitの削除
#.gitリポジトリの親ディレクトリに移動し、Gitでコマンド
$ rm -fr .git
#確認
$ ls -lah
#.gitリポジトリが表示されなければOKです。
#ローカルファイルは削除されない

smoki@SmokingRock-HPLaptop13 MINGW64 ~/Desktop/projects/learn-git-github-hp-laptop (main)
$ git restore --staged git_docs/git_add.txt
smoki@SmokingRock-HPLaptop13 MINGW64 ~/Desktop/projects/learn-git-github-hp-laptop (main)
$ git 	restore .
smoki@SmokingRock-HPLaptop13 MINGW64 ~/Desktop/projects/learn-git-github-hp-laptop (main)
$ git restore --staged --worktree .

----------------------------------------------------------------------------------------------------------
Git hub
----------------------------------------------------------------------------------------------------------
#GitHubで新規リポジトリを作成しURLを取得ペースト

SmokingRock@DESKTOP-RIZEN73060 MINGW64 ~/Desktop/Git_DeskTop/Git Studay (main)
$ git remote add origin https://github.com/N-Iwatsubo/Git-Studay.git
#ローカルリポジトリとGitHubをつなげる作業

SmokingRock@DESKTOP-RIZEN73060 MINGW64 ~/Desktop/Git_DeskTop/Git Studay (main)
$ git push origin main
Enumerating objects: 9, done.
Counting objects: 100% (9/9), done.
Delta compression using up to 16 threads
Compressing objects: 100% (6/6), done.
Writing objects: 100% (9/9), 2.72 KiB | 2.72 MiB/s, done.
Total 9 (delta 2), reused 0 (delta 0), pack-reused 0 (from 0)
remote: Resolving deltas: 100% (2/2), done.
To https://github.com/N-Iwatsubo/Git-Studay.git
 * [new branch]      main -> main
#GitHubにアップする作業 oringinはGitHubのこと
SmokingRock@DESKTOP-RIZEN73060 MINGW64 ~/Desktop/Git_DeskTop/Git Studay (main)
$

#ブランチを追加して切り替えローカル作業を進める

SmokingRock@DESKTOP-RIZEN73060 MINGW64 ~/Desktop/Git_DeskTop/Git Studay (branch1)
$ git push origin branch1
Enumerating objects: 8, done.
Counting objects: 100% (8/8), done.
Delta compression using up to 16 threads
Compressing objects: 100% (4/4), done.
Writing objects: 100% (6/6), 1008 bytes | 1008.00 KiB/s, done.
Total 6 (delta 2), reused 0 (delta 0), pack-reused 0 (from 0)
remote: Resolving deltas: 100% (2/2), completed with 1 local object.
remote:
remote: Create a pull request for 'branch1' on GitHub by visiting:
remote:      https://github.com/N-Iwatsubo/Git-Studay/pull/new/branch1
remote:
To https://github.com/N-Iwatsubo/Git-Studay.git
 * [new branch]      branch1 -> branch1
#GitHubにアップする作業 oringinはGitHubのこと

#GitHubにて更新処理作業

#mainにGitHubの内容を更新する作業
SmokingRock@DESKTOP-RIZEN73060 MINGW64 ~/Desktop/Git_DeskTop/Git Studay (branch1)
$ git switch main
Switched to branch 'main'

SmokingRock@DESKTOP-RIZEN73060 MINGW64 ~/Desktop/Git_DeskTop/Git Studay (main)
$ git pull origin main
remote: Enumerating objects: 1, done.
remote: Counting objects: 100% (1/1), done.
remote: Total 1 (delta 0), reused 0 (delta 0), pack-reused 0 (from 0)
Unpacking objects: 100% (1/1), 892 bytes | 892.00 KiB/s, done.
From https://github.com/N-Iwatsubo/Git-Studay
 * branch            main       -> FETCH_HEAD
   422e209..543d27a  main       -> origin/main
Updating 036c35a..543d27a
Fast-forward
 git_studay.txt | 3 ++-
 1 file changed, 2 insertions(+), 1 deletion(-)

SmokingRock@DESKTOP-RIZEN73060 MINGW64 ~/Desktop/Git_DeskTop/Git Studay (main)
$ git branch -d branch1
Deleted branch branch1 (was 10e05df).
--------------------------------------------------------------------------------------------------------------------------------
clone作業 Githubからリポジトリを入手
--------------------------------------------------------------------------------------------------------------------------------

smoki@SmokingRock-HPLaptop13 MINGW64 ~/Desktop/Git_hp_laptop/Git-Studay (main)
$ cd /c/Users/smoki/Desktop/Git_hp_laptop
#ダウンロードしたディレクトリに移動

smoki@SmokingRock-HPLaptop13 MINGW64 ~/Desktop/Git_hp_laptop
$ git clone https://github.com/N-Iwatsubo/Shutinng-Game.git
Cloning into 'Shutinng-Game'...
remote: Enumerating objects: 17, done.
remote: Counting objects: 100% (17/17), done.
remote: Compressing objects: 100% (14/14), done.
remote: Total 17 (delta 2), reused 16 (delta 2), pack-reused 0 (from 0)
Receiving objects: 100% (17/17), 310.15 KiB | 11.93 MiB/s, done.
Resolving deltas: 100% (2/2), done.

#githubのcodeからクローンURLをコピーしペーストし実行

--------------------------------------------------------------------------------------------------------------------------------
SSH 鍵設定
--------------------------------------------------------------------------------------------------------------------------------
smoki@SmokingRock-HPLaptop13 MINGW64 ~/Desktop/Git_hp_laptop/Test (main)
$ ssh-keygen -t ed25519
Generating public/private ed25519 key pair.
Enter file in which to save the key (/c/Users/smoki/.ssh/id_ed25519):
Created directory '/c/Users/smoki/.ssh'.
Enter passphrase for "/c/Users/smoki/.ssh/id_ed25519" (empty for no passphrase):
Enter same passphrase again:
Your identification has been saved in /c/Users/smoki/.ssh/id_ed25519
Your public key has been saved in /c/Users/smoki/.ssh/id_ed25519.pub
The key fingerprint is:
SHA256:EUkLVGIrl/XhFmZO71ooy1VnOsRWNF5ntejDKnpYnM4 smoki@SmokingRock-HPLaptop13
The key's randomart image is:
+--[ED25519 256]--+
|     .=o=.*  .+ *|
|     . *.X = o.+o|
|    . + o = *.+. |
|     o   o *o+   |
|        S + =+   |
|       . B o...  |
|        B...     |
|       ..E.      |
|       ..        |
+----[SHA256]-----+
#ENTER ENTERで進める

smoki@SmokingRock-HPLaptop13 MINGW64 ~/Desktop/Git_hp_laptop/Test (main)
$ cat ~/.ssh/id_ed25519.pub
ssh-ed25519 AAAAC3NzaC1lZDI1NTE5AAAAINmskdTn1VRzbuuj3wXfADsVYrPwbp+orHDmv9yO68rZ smoki@SmokingRock-HPLaptop13
#作成したKeyを確認

smoki@SmokingRock-HPLaptop13 MINGW64 ~/Desktop/Git_hp_laptop/Test (main)
$ ssh -T git@github.com
The authenticity of host 'github.com (20.27.177.113)' can't be established.
#ホスト 'github.com' の信頼性を確立できません。
#（意図：このサーバーに接続するのは初めてなので、本物かどうかまだ確証がありません。）
ED25519 key fingerprint is: SHA256:+DiY3wvvV6TuJJhbpZisF/zLDA0zPMSvHdkr4UvCOqU
#ED25519 鍵の指紋（フィンガープリント）はこれです： [ハッシュ値]
This key is not known by any other names.
#この鍵は他の名前では知られていません。
Are you sure you want to continue connecting (yes/no/[fingerprint])?yes
#接続を続行してもよろしいですか？ (yes/no/[指紋を入力])
#yes
Warning: Permanently added 'github.com' (ED25519) to the list of known hosts.
Hi N-Iwatsubo! You've successfully authenticated, but GitHub does not provide shell access.
#接続成功


#ssh congigのセットアップ
#複数のSSH鍵を管理
smoki@SmokingRock-HPLaptop13 MINGW64 ~/Desktop/Git_hp_laptop/Test (main)
$ cd ~/.ssh
smoki@SmokingRock-HPLaptop13 MINGW64 ~/.ssh
#ディレクトリに移動

$ code config

#
Host github.com
    HostName github.com
    User git
    IdentityFile ~/.ssh/id_ed25519
#
    
smoki@SmokingRock-HPLaptop13 MINGW64 ~/.ssh
$ touch config
smoki@SmokingRock-HPLaptop13 MINGW64 ~/.ssh
$ ssh -T git@github.com
Hi N-Iwatsubo! You've successfully authenticated, but GitHub does not provide shell access.
#接続成功
